[2026-01-26 23:51:26] [INFO] === NPM Project Migration ===
[2026-01-26 23:51:26] [INFO] Project: .
[2026-01-26 23:51:26] [INFO] Repository: npm-hosted
[2026-01-26 23:51:26] [DEBUG] Testing Nexus connection...
[2026-01-26 23:51:26] [INFO] Extracting project dependencies...
[2026-01-26 23:51:26] [WARN] No package-lock.json found, using package.json...
[2026-01-26 23:51:26] [INFO] Found 23 dependencies to process
[2026-01-26 23:51:27] [INFO] Starting dependency upload...
[2026-01-26 23:51:27] [INFO] [1/23] @headlessui/react@^2.2.9
[2026-01-26 23:51:27] [WARN]   ? Package file not found, skipping...
[2026-01-26 23:51:27] [INFO] [2/23] @reduxjs/toolkit@^2.9.2
[2026-01-26 23:51:27] [WARN]   ? Package file not found, skipping...
[2026-01-26 23:51:27] [INFO] [3/23] axios@^1.13.1
[2026-01-26 23:51:27] [WARN]   ? Package file not found, skipping...
[2026-01-26 23:51:27] [INFO] [4/23] flowbite-react@^0.12.4
[2026-01-26 23:51:27] [WARN]   ? Package file not found, skipping...
[2026-01-26 23:51:27] [INFO] [5/23] flowbite-react-template-nextjs@0.1.0
[2026-01-26 23:51:27] [WARN]   ? Package file not found, skipping...
[2026-01-26 23:51:27] [INFO] [6/23] formik@^2.4.6
[2026-01-26 23:51:27] [WARN]   ? Package file not found, skipping...
[2026-01-26 23:51:27] [INFO] [7/23] mantine-react-table@^2.0.0-beta.7
[2026-01-26 23:51:27] [WARN]   ? Package file not found, skipping...
[2026-01-26 23:51:27] [INFO] [8/23] next@^15.4.10
[2026-01-26 23:51:27] [WARN]   ? Package file not found, skipping...
[2026-01-26 23:51:27] [INFO] [9/23] prop-types@^15.8.1
[2026-01-26 23:51:27] [WARN]   ? Package file not found, skipping...
[2026-01-26 23:51:27] [INFO] [10/23] react@^19.1.3
[2026-01-26 23:51:27] [WARN]   ? Package file not found, skipping...
[2026-01-26 23:51:27] [INFO] [11/23] react-animate-height@^3.2.3
[2026-01-26 23:51:27] [WARN]   ? Package file not found, skipping...
[2026-01-26 23:51:27] [INFO] [12/23] react-apexcharts@^1.8.0
[2026-01-26 23:51:28] [WARN]   ? Package file not found, skipping...
[2026-01-26 23:51:28] [INFO] [13/23] react-color@^2.19.3
[2026-01-26 23:51:28] [WARN]   ? Package file not found, skipping...
[2026-01-26 23:51:28] [INFO] [14/23] react-dom@^19.1.3
[2026-01-26 23:51:28] [WARN]   ? Package file not found, skipping...
[2026-01-26 23:51:28] [INFO] [15/23] react-dropzone@^14.3.8
[2026-01-26 23:51:28] [WARN]   ? Package file not found, skipping...
[2026-01-26 23:51:28] [INFO] [16/23] react-i18next@^16.2.3
[2026-01-26 23:51:28] [WARN]   ? Package file not found, skipping...
[2026-01-26 23:51:28] [INFO] [17/23] react-multi-date-picker@^4.5.2
[2026-01-26 23:51:28] [WARN]   ? Package file not found, skipping...
[2026-01-26 23:51:28] [INFO] [18/23] react-perfect-scrollbar@^1.5.8
[2026-01-26 23:51:28] [WARN]   ? Package file not found, skipping...
[2026-01-26 23:51:28] [INFO] [19/23] react-redux@^9.2.0
[2026-01-26 23:51:28] [WARN]   ? Package file not found, skipping...
[2026-01-26 23:51:28] [INFO] [20/23] react-select@^5.10.2
[2026-01-26 23:51:28] [WARN]   ? Package file not found, skipping...
[2026-01-26 23:51:28] [INFO] [21/23] sweetalert2@^11.26.3
[2026-01-26 23:51:28] [WARN]   ? Package file not found, skipping...
[2026-01-26 23:51:28] [INFO] [22/23] swr@^2.3.6
[2026-01-26 23:51:28] [WARN]   ? Package file not found, skipping...
[2026-01-26 23:51:28] [INFO] [23/23] yup@^1.7.1
[2026-01-26 23:51:28] [WARN]   ? Package file not found, skipping...
[2026-01-26 23:51:28] [INFO] 
=== MIGRATION COMPLETE ===
[2026-01-26 23:51:28] [INFO] Total dependencies: 23
[2026-01-26 23:51:28] [ERROR] Successfully uploaded: 0
[2026-01-26 23:51:29] [WARN] Skipped (not found): 23
[2026-01-26 23:51:29] [INFO] Failed: 0
[2026-01-26 23:51:29] [INFO] Full log saved to: npm-project-migration-20260126-235126.log
[2026-01-26 23:51:29] [INFO] .npmrc configuration saved to project directory
